\BOOKMARK [1][-]{section.1}{\376\377\000I\000n\000t\000r\000o\000d\000u\000c\000t\000i\000o\000n}{}% 1
\BOOKMARK [2][-]{subsection.1.1}{\376\377\000R\000e\000l\000a\000t\000i\000o\000n\000\040\000t\000o\000\040\000r\000e\000l\000a\000t\000e\000d\000\040\000w\000o\000r\000k}{section.1}% 2
\BOOKMARK [1][-]{section.2}{\376\377\000D\000e\000s\000i\000g\000n\000\040\000P\000h\000i\000l\000o\000s\000o\000p\000h\000y}{}% 3
\BOOKMARK [1][-]{section.3}{\376\377\000T\000h\000e\000\040\000A\000N\000I\000M\000A\000\040\000S\000u\000b\000s\000t\000r\000a\000t\000e}{}% 4
\BOOKMARK [2][-]{subsection.3.1}{\376\377\000N\000e\000u\000r\000o\000n\000\040\000a\000n\000d\000\040\000n\000e\000t\000w\000o\000r\000k\000\040\000d\000y\000n\000a\000m\000i\000c\000s}{section.3}% 5
\BOOKMARK [2][-]{subsection.3.2}{\376\377\000S\000e\000n\000s\000o\000r\000y\000\040\000i\000n\000t\000e\000r\000f\000a\000c\000e\000\040\000a\000n\000d\000\040\000c\000u\000r\000r\000i\000c\000u\000l\000u\000m}{section.3}% 6
\BOOKMARK [2][-]{subsection.3.3}{\376\377\000P\000l\000a\000s\000t\000i\000c\000i\000t\000y\000\040\000i\000n\000\040\000n\000o\000r\000m\000a\000t\000i\000v\000e\000\040\000f\000o\000r\000m}{section.3}% 7
\BOOKMARK [1][-]{section.4}{\376\377\000E\000x\000p\000e\000r\000i\000m\000e\000n\000t\000a\000l\000\040\000M\000e\000t\000h\000o\000d\000o\000l\000o\000g\000y}{}% 8
\BOOKMARK [1][-]{section.5}{\376\377\000E\000m\000e\000r\000g\000e\000n\000t\000\040\000S\000e\000n\000s\000o\000r\000y\000\040\000O\000r\000g\000a\000n\000i\000z\000a\000t\000i\000o\000n}{}% 9
\BOOKMARK [2][-]{subsection.5.1}{\376\377\000A\000f\000f\000e\000r\000e\000n\000t\000\040\000o\000r\000g\000a\000n\000i\000z\000a\000t\000i\000o\000n}{section.5}% 10
\BOOKMARK [2][-]{subsection.5.2}{\376\377\000T\000r\000a\000n\000s\000i\000e\000n\000t\000\040\000s\000p\000i\000k\000e\000-\000p\000a\000t\000t\000e\000r\000n\000\040\000s\000e\000p\000a\000r\000a\000t\000i\000o\000n}{section.5}% 11
\BOOKMARK [2][-]{subsection.5.3}{\376\377\000P\000e\000r\000-\000p\000r\000e\000s\000e\000n\000t\000a\000t\000i\000o\000n\000\040\000c\000o\000u\000n\000t\000\040\000s\000t\000r\000u\000c\000t\000u\000r\000e}{section.5}% 12
\BOOKMARK [1][-]{section.6}{\376\377\000T\000h\000e\000\040\000P\000e\000r\000s\000i\000s\000t\000e\000n\000t\000-\000S\000t\000a\000t\000e\000\040\000I\000n\000f\000o\000r\000m\000a\000t\000i\000o\000n\000\040\000B\000o\000t\000t\000l\000e\000n\000e\000c\000k}{}% 13
\BOOKMARK [2][-]{subsection.6.1}{\376\377\000T\000h\000e\000\040\000d\000i\000l\000u\000t\000i\000o\000n\000\040\000r\000e\000s\000u\000l\000t\000\040\000a\000c\000r\000o\000s\000s\000\040\000r\000e\000p\000e\000a\000t\000e\000d\000\040\000p\000r\000e\000s\000e\000n\000t\000a\000t\000i\000o\000n\000s}{section.6}% 14
\BOOKMARK [1][-]{section.7}{\376\377\000I\000n\000t\000r\000i\000n\000s\000i\000c\000\040\000P\000e\000r\000s\000i\000s\000t\000e\000n\000c\000e\000\040\000I\000s\000\040\000N\000o\000t\000\040\000S\000e\000n\000s\000o\000r\000y\000\040\000M\000e\000m\000o\000r\000y}{}% 15
\BOOKMARK [2][-]{subsection.7.1}{\376\377\000W\000h\000a\000t\000\040\000u\000\040\000i\000s\000,\000\040\000m\000e\000a\000s\000u\000r\000e\000d}{section.7}% 16
\BOOKMARK [2][-]{subsection.7.2}{\376\377\000T\000h\000e\000\040\000h\000i\000s\000t\000o\000r\000i\000c\000a\000l\000\040\000w\000e\000d\000g\000e\000:\000\040\000u\000\040\000f\000a\000i\000l\000s\000\040\000d\000u\000r\000i\000n\000g\000\040\000t\000h\000e\000\040\000s\000t\000i\000m\000u\000l\000u\000s\000,\000\040\000n\000o\000t\000\040\000o\000n\000l\000y\000\040\000a\000f\000t\000e\000r\000\040\000i\000t}{section.7}% 17
\BOOKMARK [1][-]{section.8}{\376\377\000S\000y\000n\000a\000p\000t\000i\000c\000\040\000P\000l\000a\000s\000t\000i\000c\000i\000t\000y\000\040\000a\000s\000\040\000P\000e\000r\000s\000i\000s\000t\000e\000n\000t\000\040\000S\000t\000r\000u\000c\000t\000u\000r\000e}{}% 18
\BOOKMARK [1][-]{section.9}{\376\377\000S\000y\000n\000a\000p\000t\000i\000c\000\040\000I\000n\000t\000e\000r\000f\000e\000r\000e\000n\000c\000e\000:\000\040\000I\000s\000o\000l\000a\000t\000e\000d\000,\000\040\000B\000l\000o\000c\000k\000e\000d\000,\000\040\000a\000n\000d\000\040\000A\000l\000t\000e\000r\000n\000a\000t\000i\000n\000g\000\040\000R\000e\000g\000i\000m\000e\000s}{}% 19
\BOOKMARK [1][-]{section.10}{\376\377\000C\000o\000n\000s\000o\000l\000i\000d\000a\000t\000i\000o\000n\000-\000L\000o\000c\000k\000e\000d\000\040\000A\000l\000l\000o\000c\000a\000t\000i\000o\000n\000\040\000\050\000C\000L\000L\000A\000\051}{}% 20
\BOOKMARK [2][-]{subsection.10.1}{\376\377\000T\000h\000e\000\040\000m\000e\000c\000h\000a\000n\000i\000s\000m\000s}{section.10}% 21
\BOOKMARK [2][-]{subsection.10.2}{\376\377\000T\000h\000e\000\040\000f\000o\000u\000r\000-\000r\000e\000c\000o\000r\000d\000\040\000s\000e\000q\000u\000e\000n\000c\000e}{section.10}% 22
\BOOKMARK [1][-]{section.11}{\376\377\000A\000l\000l\000o\000c\000a\000t\000i\000o\000n\000\040\000E\000x\000p\000e\000r\000i\000m\000e\000n\000t\000s}{}% 23
\BOOKMARK [2][-]{subsection.11.1}{\376\377\000R\000e\000s\000i\000d\000u\000a\000l\000\040\000a\000l\000l\000o\000c\000a\000t\000i\000o\000n\000\040\000g\000a\000t\000e\000\040\000\050\000r\000u\000l\000e\000\051}{section.11}% 24
\BOOKMARK [2][-]{subsection.11.2}{\376\377\000D\000o\000r\000m\000a\000n\000t\000-\000c\000a\000n\000d\000i\000d\000a\000t\000e\000\040\000r\000e\000s\000e\000r\000v\000e}{section.11}% 25
\BOOKMARK [2][-]{subsection.11.3}{\376\377\000F\000i\000r\000s\000t\000-\000e\000x\000p\000o\000s\000u\000r\000e\000\040\000a\000l\000l\000o\000c\000a\000t\000i\000o\000n}{section.11}% 26
\BOOKMARK [2][-]{subsection.11.4}{\376\377\000S\000o\000u\000r\000c\000e\000-\000s\000e\000l\000e\000c\000t\000i\000o\000n\000\040\000c\000o\000r\000r\000e\000c\000t\000i\000o\000n}{section.11}% 27
\BOOKMARK [2][-]{subsection.11.5}{\376\377\000W\000h\000a\000t\000\040\000t\000h\000e\000\040\000s\000e\000q\000u\000e\000n\000c\000e\000\040\000r\000u\000l\000e\000d\000\040\000o\000u\000t}{section.11}% 28
\BOOKMARK [1][-]{section.12}{\376\377\000T\000h\000e\000\040\000N\000o\000v\000e\000l\000-\000P\000a\000t\000t\000e\000r\000n\000\040\000R\000e\000c\000r\000u\000i\000t\000m\000e\000n\000t\000\040\000B\000o\000t\000t\000l\000e\000n\000e\000c\000k}{}% 29
\BOOKMARK [2][-]{subsection.12.1}{\376\377\000E\000v\000e\000n\000t\000-\000l\000e\000v\000e\000l\000\040\000d\000e\000c\000o\000m\000p\000o\000s\000i\000t\000i\000o\000n\000\040\000\050\000w\000e\000i\000g\000h\000t\000-\000g\000r\000o\000w\000t\000h\000\040\000a\000u\000d\000i\000t\000\051}{section.12}% 30
\BOOKMARK [2][-]{subsection.12.2}{\376\377\000D\000r\000i\000v\000e\000\040\000d\000e\000c\000o\000m\000p\000o\000s\000i\000t\000i\000o\000n\000\040\000a\000n\000d\000\040\000t\000h\000e\000\040\000I\000L\000\040\000c\000o\000n\000t\000r\000o\000l\000\040\000\050\000d\000r\000i\000v\000e\000\040\000a\000u\000d\000i\000t\000\051}{section.12}% 31
\BOOKMARK [1][-]{section.13}{\376\377\000T\000h\000e\000\040\000F\000i\000x\000e\000d\000-\000k\000g\000\040\000R\000e\000c\000r\000u\000i\000t\000m\000e\000n\000t\000-\000G\000a\000i\000n\000\040\000E\000x\000p\000e\000r\000i\000m\000e\000n\000t}{}% 32
\BOOKMARK [2][-]{subsection.13.1}{\376\377\000R\000e\000g\000i\000s\000t\000r\000a\000t\000i\000o\000n\000\040\000A\000:\000\040\000u\000n\000c\000a\000p\000p\000e\000d\000\040\000\050\000k\000\137\000g\000\040\000=\000\040\0008\000.\0000\000\051}{section.13}% 33
\BOOKMARK [2][-]{subsection.13.2}{\376\377\000R\000e\000g\000i\000s\000t\000r\000a\000t\000i\000o\000n\000\040\000B\000:\000\040\000t\000h\000r\000e\000s\000h\000o\000l\000d\000-\000c\000o\000m\000p\000l\000e\000t\000i\000o\000n\000\040\000c\000a\000p}{section.13}% 34
\BOOKMARK [2][-]{subsection.13.3}{\376\377\000W\000h\000y\000\040\000t\000h\000e\000\040\000e\000x\000p\000e\000r\000i\000m\000e\000n\000t\000\040\000w\000a\000s\000\040\000c\000l\000o\000s\000e\000d}{section.13}% 35
\BOOKMARK [1][-]{section.14}{\376\377\000P\000h\000a\000s\000e\000\040\000I\000\040\000S\000y\000n\000t\000h\000e\000s\000i\000s}{}% 36
\BOOKMARK [1][-]{section.15}{\376\377\000L\000i\000m\000i\000t\000a\000t\000i\000o\000n\000s}{}% 37
\BOOKMARK [1][-]{section.16}{\376\377\000D\000i\000s\000c\000u\000s\000s\000i\000o\000n}{}% 38
\BOOKMARK [2][-]{subsection.16.1}{\376\377\000R\000e\000p\000r\000e\000s\000e\000n\000t\000a\000t\000i\000o\000n}{section.16}% 39
\BOOKMARK [2][-]{subsection.16.2}{\376\377\000P\000e\000r\000s\000i\000s\000t\000e\000n\000c\000e}{section.16}% 40
\BOOKMARK [2][-]{subsection.16.3}{\376\377\000I\000n\000t\000e\000r\000f\000e\000r\000e\000n\000c\000e}{section.16}% 41
\BOOKMARK [2][-]{subsection.16.4}{\376\377\000A\000l\000l\000o\000c\000a\000t\000i\000o\000n}{section.16}% 42
\BOOKMARK [2][-]{subsection.16.5}{\376\377\000R\000e\000c\000r\000u\000i\000t\000m\000e\000n\000t}{section.16}% 43
\BOOKMARK [1][-]{section.17}{\376\377\000C\000o\000n\000c\000l\000u\000s\000i\000o\000n}{}% 44
\BOOKMARK [1][-]{section.18}{\376\377\000F\000u\000t\000u\000r\000e\000\040\000W\000o\000r\000k}{}% 45
\BOOKMARK [1][-]{section.19}{\376\377\000R\000e\000p\000r\000o\000d\000u\000c\000i\000b\000i\000l\000i\000t\000y\000\040\000a\000n\000d\000\040\000A\000r\000t\000i\000f\000a\000c\000t\000\040\000A\000v\000a\000i\000l\000a\000b\000i\000l\000i\000t\000y}{}% 46
\BOOKMARK [2][-]{subsection.19.1}{\376\377\000R\000e\000p\000o\000s\000i\000t\000o\000r\000y\000\040\000s\000t\000r\000u\000c\000t\000u\000r\000e}{section.19}% 47
\BOOKMARK [2][-]{subsection.19.2}{\376\377\000L\000i\000n\000e\000a\000g\000e\000\040\000a\000n\000d\000\040\000c\000o\000m\000m\000i\000t\000\040\000d\000i\000s\000c\000i\000p\000l\000i\000n\000e}{section.19}% 48
\BOOKMARK [2][-]{subsection.19.3}{\376\377\000R\000e\000p\000r\000o\000d\000u\000c\000i\000b\000l\000e\000\040\000a\000n\000a\000l\000y\000s\000i\000s}{section.19}% 49
\BOOKMARK [2][-]{subsection.19.4}{\376\377\000D\000e\000t\000e\000r\000m\000i\000n\000i\000s\000m}{section.19}% 50
\BOOKMARK [1][-]{appendix.A}{\376\377\000E\000x\000p\000e\000r\000i\000m\000e\000n\000t\000a\000l\000\040\000L\000i\000n\000e\000a\000g\000e}{}% 51
\BOOKMARK [1][-]{appendix.B}{\376\377\000N\000o\000t\000a\000t\000i\000o\000n}{}% 52
\BOOKMARK [1][-]{appendix.C}{\376\377\000A\000d\000d\000i\000t\000i\000o\000n\000a\000l\000\040\000Q\000u\000a\000n\000t\000i\000t\000a\000t\000i\000v\000e\000\040\000R\000e\000s\000u\000l\000t\000s}{}% 53
\BOOKMARK [2][-]{subsection.C.1}{\376\377\000K\000e\000y\000\040\000q\000u\000a\000n\000t\000i\000t\000a\000t\000i\000v\000e\000\040\000f\000i\000n\000d\000i\000n\000g\000s}{appendix.C}% 54
\BOOKMARK [2][-]{subsection.C.2}{\376\377\000R\000e\000g\000i\000s\000t\000r\000a\000t\000i\000o\000n\000-\000B\000\040\000r\000u\000n\000n\000i\000n\000g\000\040\000d\000e\000t\000a\000i\000l\000s}{appendix.C}% 55
